[0.466s] Invoking command in '/home/voiture/course_2025_slam_pkgs/workspace/build/slam_karto': CMAKE_PREFIX_PATH=${CMAKE_PREFIX_PATH}:/home/voiture/course_2025_slam_pkgs/workspace/install/planning_bolide:/home/voiture/course_2025_slam_pkgs/workspace/install/perception_bolide:/home/voiture/course_2025_slam_pkgs/workspace/install/particle_filter:/home/voiture/course_2025_slam_pkgs/workspace/install/control_bolide:/opt/ros/jazzy DEBUGINFOD_URLS=https://debuginfod.ubuntu.com PS1=(venv) \[\e]0;\u@\h: \w\a\]${debian_chroot:+($debian_chroot)}\[\033[01;32m\]\u@\h\[\033[00m\]:\[\033[01;34m\]\w\[\033[00m\]\$ VIRTUAL_ENV_PROMPT=(venv) /usr/bin/cmake /home/voiture/course_2025_slam_pkgs/workspace/src/slam_karto_ros2 -DCMAKE_INSTALL_PREFIX=/home/voiture/course_2025_slam_pkgs/workspace/install/slam_karto
[0.617s] -- Found ament_cmake: 2.5.3 (/opt/ros/jazzy/share/ament_cmake/cmake)
[1.602s] -- Found rclcpp: 28.1.6 (/opt/ros/jazzy/share/rclcpp/cmake)
[1.830s] -- Found rosidl_generator_c: 4.6.5 (/opt/ros/jazzy/share/rosidl_generator_c/cmake)
[1.870s] -- Found rosidl_generator_cpp: 4.6.5 (/opt/ros/jazzy/share/rosidl_generator_cpp/cmake)
[1.956s] -- Using all available rosidl_typesupport_c: rosidl_typesupport_fastrtps_c;rosidl_typesupport_introspection_c
[2.022s] -- Using all available rosidl_typesupport_cpp: rosidl_typesupport_fastrtps_cpp;rosidl_typesupport_introspection_cpp
[2.295s] -- Found rmw_implementation_cmake: 7.3.1 (/opt/ros/jazzy/share/rmw_implementation_cmake/cmake)
[2.307s] -- Found rmw_fastrtps_cpp: 8.4.1 (/opt/ros/jazzy/share/rmw_fastrtps_cpp/cmake)
[2.485s] -- Using RMW implementation 'rmw_fastrtps_cpp' as default
[2.673s] [31mCMake Error at CMakeLists.txt:15 (find_package):
[2.673s]   By not providing "Findsparse_bundle_adjustment.cmake" in CMAKE_MODULE_PATH
[2.673s]   this project has asked CMake to find a package configuration file provided
[2.673s]   by "sparse_bundle_adjustment", but CMake did not find one.
[2.674s] 
[2.674s]   Could not find a package configuration file provided by
[2.674s]   "sparse_bundle_adjustment" with any of the following names:
[2.674s] 
[2.674s]     sparse_bundle_adjustmentConfig.cmake
[2.674s]     sparse_bundle_adjustment-config.cmake
[2.674s] 
[2.674s]   Add the installation prefix of "sparse_bundle_adjustment" to
[2.674s]   CMAKE_PREFIX_PATH or set "sparse_bundle_adjustment_DIR" to a directory
[2.674s]   containing one of the above files.  If "sparse_bundle_adjustment" provides
[2.674s]   a separate development package or SDK, be sure it has been installed.
[2.675s] 
[2.675s] [0m
[2.675s] -- Configuring incomplete, errors occurred!
[3.058s] Invoked command in '/home/voiture/course_2025_slam_pkgs/workspace/build/slam_karto' returned '1': CMAKE_PREFIX_PATH=${CMAKE_PREFIX_PATH}:/home/voiture/course_2025_slam_pkgs/workspace/install/planning_bolide:/home/voiture/course_2025_slam_pkgs/workspace/install/perception_bolide:/home/voiture/course_2025_slam_pkgs/workspace/install/particle_filter:/home/voiture/course_2025_slam_pkgs/workspace/install/control_bolide:/opt/ros/jazzy DEBUGINFOD_URLS=https://debuginfod.ubuntu.com PS1=(venv) \[\e]0;\u@\h: \w\a\]${debian_chroot:+($debian_chroot)}\[\033[01;32m\]\u@\h\[\033[00m\]:\[\033[01;34m\]\w\[\033[00m\]\$ VIRTUAL_ENV_PROMPT=(venv) /usr/bin/cmake /home/voiture/course_2025_slam_pkgs/workspace/src/slam_karto_ros2 -DCMAKE_INSTALL_PREFIX=/home/voiture/course_2025_slam_pkgs/workspace/install/slam_karto
