[2.148s] Invoking command in '/home/voiture/course_2025_slam_pkgs/workspace/build/planning_bolide': AMENT_PREFIX_PATH=/home/voiture/course_2025_slam_pkgs/workspace/install/bolide_interfaces:${AMENT_PREFIX_PATH} CMAKE_PREFIX_PATH=/home/voiture/course_2025_slam_pkgs/workspace/install/bolide_interfaces:${CMAKE_PREFIX_PATH} DEBUGINFOD_URLS=https://debuginfod.ubuntu.com LD_LIBRARY_PATH=/home/voiture/course_2025_slam_pkgs/workspace/install/bolide_interfaces/lib:${LD_LIBRARY_PATH} PYTHONPATH=/home/voiture/course_2025_slam_pkgs/workspace/build/planning_bolide/prefix_override:/usr/lib/python3/dist-packages/colcon_core/task/python/colcon_distutils_commands:/home/voiture/course_2025_slam_pkgs/workspace/install/planning_bolide/lib/python3.12/site-packages:/home/voiture/course_2025_slam_pkgs/workspace/install/bolide_interfaces/lib/python3.12/site-packages:${PYTHONPATH} /usr/bin/python3 -W ignore:setup.py install is deprecated -W ignore:easy_install command is deprecated setup.py develop --uninstall --editable --build-directory /home/voiture/course_2025_slam_pkgs/workspace/build/planning_bolide/build
[2.579s] running develop
[2.858s] Removing /home/voiture/course_2025_slam_pkgs/workspace/install/planning_bolide/lib/python3.12/site-packages/planning-bolide.egg-link (link to .)
[2.954s] Invoked command in '/home/voiture/course_2025_slam_pkgs/workspace/build/planning_bolide' returned '0': AMENT_PREFIX_PATH=/home/voiture/course_2025_slam_pkgs/workspace/install/bolide_interfaces:${AMENT_PREFIX_PATH} CMAKE_PREFIX_PATH=/home/voiture/course_2025_slam_pkgs/workspace/install/bolide_interfaces:${CMAKE_PREFIX_PATH} DEBUGINFOD_URLS=https://debuginfod.ubuntu.com LD_LIBRARY_PATH=/home/voiture/course_2025_slam_pkgs/workspace/install/bolide_interfaces/lib:${LD_LIBRARY_PATH} PYTHONPATH=/home/voiture/course_2025_slam_pkgs/workspace/build/planning_bolide/prefix_override:/usr/lib/python3/dist-packages/colcon_core/task/python/colcon_distutils_commands:/home/voiture/course_2025_slam_pkgs/workspace/install/planning_bolide/lib/python3.12/site-packages:/home/voiture/course_2025_slam_pkgs/workspace/install/bolide_interfaces/lib/python3.12/site-packages:${PYTHONPATH} /usr/bin/python3 -W ignore:setup.py install is deprecated -W ignore:easy_install command is deprecated setup.py develop --uninstall --editable --build-directory /home/voiture/course_2025_slam_pkgs/workspace/build/planning_bolide/build
[2.956s] Invoking command in '/home/voiture/course_2025_slam_pkgs/workspace/src/planning_bolide': AMENT_PREFIX_PATH=/home/voiture/course_2025_slam_pkgs/workspace/install/bolide_interfaces:${AMENT_PREFIX_PATH} CMAKE_PREFIX_PATH=/home/voiture/course_2025_slam_pkgs/workspace/install/bolide_interfaces:${CMAKE_PREFIX_PATH} DEBUGINFOD_URLS=https://debuginfod.ubuntu.com LD_LIBRARY_PATH=/home/voiture/course_2025_slam_pkgs/workspace/install/bolide_interfaces/lib:${LD_LIBRARY_PATH} PYTHONPATH=/home/voiture/course_2025_slam_pkgs/workspace/build/planning_bolide/prefix_override:/usr/lib/python3/dist-packages/colcon_core/task/python/colcon_distutils_commands:/home/voiture/course_2025_slam_pkgs/workspace/install/planning_bolide/lib/python3.12/site-packages:/home/voiture/course_2025_slam_pkgs/workspace/install/bolide_interfaces/lib/python3.12/site-packages:${PYTHONPATH} /usr/bin/python3 -W ignore:setup.py install is deprecated -W ignore:easy_install command is deprecated setup.py egg_info --egg-base ../../build/planning_bolide build --build-base /home/voiture/course_2025_slam_pkgs/workspace/build/planning_bolide/build install --record /home/voiture/course_2025_slam_pkgs/workspace/build/planning_bolide/install.log --single-version-externally-managed install_data --force
[3.334s] running egg_info
[3.361s] writing ../../build/planning_bolide/planning_bolide.egg-info/PKG-INFO
[3.361s] writing dependency_links to ../../build/planning_bolide/planning_bolide.egg-info/dependency_links.txt
[3.362s] writing entry points to ../../build/planning_bolide/planning_bolide.egg-info/entry_points.txt
[3.363s] writing requirements to ../../build/planning_bolide/planning_bolide.egg-info/requires.txt
[3.364s] writing top-level names to ../../build/planning_bolide/planning_bolide.egg-info/top_level.txt
[3.424s] reading manifest file '../../build/planning_bolide/planning_bolide.egg-info/SOURCES.txt'
[3.425s] adding license file 'LICENSE'
[3.426s] writing manifest file '../../build/planning_bolide/planning_bolide.egg-info/SOURCES.txt'
[3.426s] running build
[3.426s] running build_py
[3.426s] copying planning_bolide/teleop_keyboard.py -> /home/voiture/course_2025_slam_pkgs/workspace/build/planning_bolide/build/lib/planning_bolide
[3.427s] running install
[3.436s] running install_lib
[3.462s] creating /home/voiture/course_2025_slam_pkgs/workspace/install/planning_bolide/lib/python3.12/site-packages/planning_bolide
[3.462s] copying /home/voiture/course_2025_slam_pkgs/workspace/build/planning_bolide/build/lib/planning_bolide/teleop_keyboard.py -> /home/voiture/course_2025_slam_pkgs/workspace/install/planning_bolide/lib/python3.12/site-packages/planning_bolide
[3.462s] copying /home/voiture/course_2025_slam_pkgs/workspace/build/planning_bolide/build/lib/planning_bolide/keyboard_emergency_brake.py -> /home/voiture/course_2025_slam_pkgs/workspace/install/planning_bolide/lib/python3.12/site-packages/planning_bolide
[3.463s] copying /home/voiture/course_2025_slam_pkgs/workspace/build/planning_bolide/build/lib/planning_bolide/__init__.py -> /home/voiture/course_2025_slam_pkgs/workspace/install/planning_bolide/lib/python3.12/site-packages/planning_bolide
[3.463s] copying /home/voiture/course_2025_slam_pkgs/workspace/build/planning_bolide/build/lib/planning_bolide/nav_forward.py -> /home/voiture/course_2025_slam_pkgs/workspace/install/planning_bolide/lib/python3.12/site-packages/planning_bolide
[3.463s] copying /home/voiture/course_2025_slam_pkgs/workspace/build/planning_bolide/build/lib/planning_bolide/nav_3states.py -> /home/voiture/course_2025_slam_pkgs/workspace/install/planning_bolide/lib/python3.12/site-packages/planning_bolide
[3.464s] byte-compiling /home/voiture/course_2025_slam_pkgs/workspace/install/planning_bolide/lib/python3.12/site-packages/planning_bolide/teleop_keyboard.py to teleop_keyboard.cpython-312.pyc
[3.465s] byte-compiling /home/voiture/course_2025_slam_pkgs/workspace/install/planning_bolide/lib/python3.12/site-packages/planning_bolide/keyboard_emergency_brake.py to keyboard_emergency_brake.cpython-312.pyc
[3.466s] byte-compiling /home/voiture/course_2025_slam_pkgs/workspace/install/planning_bolide/lib/python3.12/site-packages/planning_bolide/__init__.py to __init__.cpython-312.pyc
[3.466s] byte-compiling /home/voiture/course_2025_slam_pkgs/workspace/install/planning_bolide/lib/python3.12/site-packages/planning_bolide/nav_forward.py to nav_forward.cpython-312.pyc
[3.467s] byte-compiling /home/voiture/course_2025_slam_pkgs/workspace/install/planning_bolide/lib/python3.12/site-packages/planning_bolide/nav_3states.py to nav_3states.cpython-312.pyc
[3.470s] running install_data
[3.470s] copying resource/planning_bolide -> /home/voiture/course_2025_slam_pkgs/workspace/install/planning_bolide/share/ament_index/resource_index/packages
[3.470s] copying package.xml -> /home/voiture/course_2025_slam_pkgs/workspace/install/planning_bolide/share/planning_bolide
[3.470s] running install_egg_info
[3.499s] Copying ../../build/planning_bolide/planning_bolide.egg-info to /home/voiture/course_2025_slam_pkgs/workspace/install/planning_bolide/lib/python3.12/site-packages/planning_bolide-0.1.0-py3.12.egg-info
[3.501s] running install_scripts
[3.707s] Installing teleop_node script to /home/voiture/course_2025_slam_pkgs/workspace/install/planning_bolide/lib/planning_bolide
[3.708s] writing list of installed files to '/home/voiture/course_2025_slam_pkgs/workspace/build/planning_bolide/install.log'
[3.824s] Invoked command in '/home/voiture/course_2025_slam_pkgs/workspace/src/planning_bolide' returned '0': AMENT_PREFIX_PATH=/home/voiture/course_2025_slam_pkgs/workspace/install/bolide_interfaces:${AMENT_PREFIX_PATH} CMAKE_PREFIX_PATH=/home/voiture/course_2025_slam_pkgs/workspace/install/bolide_interfaces:${CMAKE_PREFIX_PATH} DEBUGINFOD_URLS=https://debuginfod.ubuntu.com LD_LIBRARY_PATH=/home/voiture/course_2025_slam_pkgs/workspace/install/bolide_interfaces/lib:${LD_LIBRARY_PATH} PYTHONPATH=/home/voiture/course_2025_slam_pkgs/workspace/build/planning_bolide/prefix_override:/usr/lib/python3/dist-packages/colcon_core/task/python/colcon_distutils_commands:/home/voiture/course_2025_slam_pkgs/workspace/install/planning_bolide/lib/python3.12/site-packages:/home/voiture/course_2025_slam_pkgs/workspace/install/bolide_interfaces/lib/python3.12/site-packages:${PYTHONPATH} /usr/bin/python3 -W ignore:setup.py install is deprecated -W ignore:easy_install command is deprecated setup.py egg_info --egg-base ../../build/planning_bolide build --build-base /home/voiture/course_2025_slam_pkgs/workspace/build/planning_bolide/build install --record /home/voiture/course_2025_slam_pkgs/workspace/build/planning_bolide/install.log --single-version-externally-managed install_data --force
