/home/voiture/course_2025_slam_pkgs/workspace/install/particle_filter/lib/python3.12/site-packages/particle_filter/particle_filter.py
/home/voiture/course_2025_slam_pkgs/workspace/install/particle_filter/lib/python3.12/site-packages/particle_filter/utils.py
/home/voiture/course_2025_slam_pkgs/workspace/install/particle_filter/lib/python3.12/site-packages/particle_filter/__init__.py
/home/voiture/course_2025_slam_pkgs/workspace/install/particle_filter/lib/python3.12/site-packages/particle_filter/__pycache__/particle_filter.cpython-312.pyc
/home/voiture/course_2025_slam_pkgs/workspace/install/particle_filter/lib/python3.12/site-packages/particle_filter/__pycache__/utils.cpython-312.pyc
/home/voiture/course_2025_slam_pkgs/workspace/install/particle_filter/lib/python3.12/site-packages/particle_filter/__pycache__/__init__.cpython-312.pyc
/home/voiture/course_2025_slam_pkgs/workspace/install/particle_filter/share/ament_index/resource_index/packages/particle_filter
/home/voiture/course_2025_slam_pkgs/workspace/install/particle_filter/share/particle_filter/package.xml
/home/voiture/course_2025_slam_pkgs/workspace/install/particle_filter/share/particle_filter/maps/Hockenheim_map.png
/home/voiture/course_2025_slam_pkgs/workspace/install/particle_filter/share/particle_filter/maps/Hockenheim_map.yaml
/home/voiture/course_2025_slam_pkgs/workspace/install/particle_filter/share/particle_filter/maps/Silverstone_map.yaml
/home/voiture/course_2025_slam_pkgs/workspace/install/particle_filter/share/particle_filter/maps/cps_2023_old.yaml
/home/voiture/course_2025_slam_pkgs/workspace/install/particle_filter/share/particle_filter/maps/e7_floor5_biggest_RAW.pgm
/home/voiture/course_2025_slam_pkgs/workspace/install/particle_filter/share/particle_filter/maps/Silverstone_map.png
/home/voiture/course_2025_slam_pkgs/workspace/install/particle_filter/share/particle_filter/maps/e7_floor5_biggest.yaml
/home/voiture/course_2025_slam_pkgs/workspace/install/particle_filter/share/particle_filter/maps/e7_floor3_merged.png
/home/voiture/course_2025_slam_pkgs/workspace/install/particle_filter/share/particle_filter/maps/e7_floor5.yaml
/home/voiture/course_2025_slam_pkgs/workspace/install/particle_filter/share/particle_filter/maps/cps_2023.pgm
/home/voiture/course_2025_slam_pkgs/workspace/install/particle_filter/share/particle_filter/maps/e7_floor5_biggest.pgm
/home/voiture/course_2025_slam_pkgs/workspace/install/particle_filter/share/particle_filter/maps/e7_floor5.pgm
/home/voiture/course_2025_slam_pkgs/workspace/install/particle_filter/share/particle_filter/maps/e7_floor3_merged.yaml
/home/voiture/course_2025_slam_pkgs/workspace/install/particle_filter/share/particle_filter/maps/cps_2023.yaml
/home/voiture/course_2025_slam_pkgs/workspace/install/particle_filter/share/particle_filter/maps/e7_floor5_bigger.pgm
/home/voiture/course_2025_slam_pkgs/workspace/install/particle_filter/share/particle_filter/maps/cps_2023_old.pgm
/home/voiture/course_2025_slam_pkgs/workspace/install/particle_filter/share/particle_filter/maps/e7_floor5_bigger.yaml
/home/voiture/course_2025_slam_pkgs/workspace/install/particle_filter/share/particle_filter/launch/localize_launch.py
/home/voiture/course_2025_slam_pkgs/workspace/install/particle_filter/share/particle_filter/config/localize.yaml
/home/voiture/course_2025_slam_pkgs/workspace/install/particle_filter/lib/python3.12/site-packages/particle_filter-0.2.0-py3.12.egg-info/dependency_links.txt
/home/voiture/course_2025_slam_pkgs/workspace/install/particle_filter/lib/python3.12/site-packages/particle_filter-0.2.0-py3.12.egg-info/PKG-INFO
/home/voiture/course_2025_slam_pkgs/workspace/install/particle_filter/lib/python3.12/site-packages/particle_filter-0.2.0-py3.12.egg-info/entry_points.txt
/home/voiture/course_2025_slam_pkgs/workspace/install/particle_filter/lib/python3.12/site-packages/particle_filter-0.2.0-py3.12.egg-info/requires.txt
/home/voiture/course_2025_slam_pkgs/workspace/install/particle_filter/lib/python3.12/site-packages/particle_filter-0.2.0-py3.12.egg-info/top_level.txt
/home/voiture/course_2025_slam_pkgs/workspace/install/particle_filter/lib/python3.12/site-packages/particle_filter-0.2.0-py3.12.egg-info/zip-safe
/home/voiture/course_2025_slam_pkgs/workspace/install/particle_filter/lib/python3.12/site-packages/particle_filter-0.2.0-py3.12.egg-info/SOURCES.txt
/home/voiture/course_2025_slam_pkgs/workspace/install/particle_filter/lib/particle_filter/particle_filter
