[2.058s] Invoking command in '/home/voiture/course_2025_slam_pkgs/workspace/build/planning_bolide': AMENT_PREFIX_PATH=/home/voiture/course_2025_slam_pkgs/workspace/install/bolide_interfaces:${AMENT_PREFIX_PATH} CMAKE_PREFIX_PATH=/home/voiture/course_2025_slam_pkgs/workspace/install/bolide_interfaces:${CMAKE_PREFIX_PATH} DEBUGINFOD_URLS=https://debuginfod.ubuntu.com LD_LIBRARY_PATH=/home/voiture/course_2025_slam_pkgs/workspace/install/bolide_interfaces/lib:${LD_LIBRARY_PATH} PYTHONPATH=/home/voiture/course_2025_slam_pkgs/workspace/build/planning_bolide/prefix_override:/usr/lib/python3/dist-packages/colcon_core/task/python/colcon_distutils_commands:/home/voiture/course_2025_slam_pkgs/workspace/install/planning_bolide/lib/python3.12/site-packages:/home/voiture/course_2025_slam_pkgs/workspace/install/bolide_interfaces/lib/python3.12/site-packages:${PYTHONPATH} /usr/bin/python3 -W ignore:setup.py install is deprecated -W ignore:easy_install command is deprecated setup.py develop --editable --build-directory /home/voiture/course_2025_slam_pkgs/workspace/build/planning_bolide/build --no-deps symlink_data --force
[2.521s] running develop
[2.790s] running egg_info
[2.818s] writing planning_bolide.egg-info/PKG-INFO
[2.818s] writing dependency_links to planning_bolide.egg-info/dependency_links.txt
[2.819s] writing entry points to planning_bolide.egg-info/entry_points.txt
[2.820s] writing requirements to planning_bolide.egg-info/requires.txt
[2.821s] writing top-level names to planning_bolide.egg-info/top_level.txt
[2.876s] reading manifest file 'planning_bolide.egg-info/SOURCES.txt'
[2.877s] writing manifest file 'planning_bolide.egg-info/SOURCES.txt'
[2.905s] running build_ext
[2.905s] Creating /home/voiture/course_2025_slam_pkgs/workspace/install/planning_bolide/lib/python3.12/site-packages/planning-bolide.egg-link (link to .)
[2.906s] Installing speed_direction_controller script to /home/voiture/course_2025_slam_pkgs/workspace/install/planning_bolide/lib/planning_bolide
[2.906s] Installing teleop_node script to /home/voiture/course_2025_slam_pkgs/workspace/install/planning_bolide/lib/planning_bolide
[2.907s] 
[2.907s] Installed /home/voiture/course_2025_slam_pkgs/workspace/build/planning_bolide
[2.907s] running symlink_data
[2.907s] symbolically linking /home/voiture/course_2025_slam_pkgs/workspace/build/planning_bolide/resource/planning_bolide -> /home/voiture/course_2025_slam_pkgs/workspace/install/planning_bolide/share/ament_index/resource_index/packages
[2.907s] symbolically linking /home/voiture/course_2025_slam_pkgs/workspace/build/planning_bolide/package.xml -> /home/voiture/course_2025_slam_pkgs/workspace/install/planning_bolide/share/planning_bolide
[2.907s] creating /home/voiture/course_2025_slam_pkgs/workspace/install/planning_bolide/share/planning_bolide/launch
[3.005s] Invoked command in '/home/voiture/course_2025_slam_pkgs/workspace/build/planning_bolide' returned '0': AMENT_PREFIX_PATH=/home/voiture/course_2025_slam_pkgs/workspace/install/bolide_interfaces:${AMENT_PREFIX_PATH} CMAKE_PREFIX_PATH=/home/voiture/course_2025_slam_pkgs/workspace/install/bolide_interfaces:${CMAKE_PREFIX_PATH} DEBUGINFOD_URLS=https://debuginfod.ubuntu.com LD_LIBRARY_PATH=/home/voiture/course_2025_slam_pkgs/workspace/install/bolide_interfaces/lib:${LD_LIBRARY_PATH} PYTHONPATH=/home/voiture/course_2025_slam_pkgs/workspace/build/planning_bolide/prefix_override:/usr/lib/python3/dist-packages/colcon_core/task/python/colcon_distutils_commands:/home/voiture/course_2025_slam_pkgs/workspace/install/planning_bolide/lib/python3.12/site-packages:/home/voiture/course_2025_slam_pkgs/workspace/install/bolide_interfaces/lib/python3.12/site-packages:${PYTHONPATH} /usr/bin/python3 -W ignore:setup.py install is deprecated -W ignore:easy_install command is deprecated setup.py develop --editable --build-directory /home/voiture/course_2025_slam_pkgs/workspace/build/planning_bolide/build --no-deps symlink_data --force
