[3.010s] Invoking command in '/home/voiture/course_2025_slam_pkgs/workspace/build/planning_bolide': AMENT_PREFIX_PATH=/home/voiture/course_2025_slam_pkgs/workspace/install/bolide_interfaces:${AMENT_PREFIX_PATH} CMAKE_PREFIX_PATH=/home/voiture/course_2025_slam_pkgs/workspace/install/bolide_interfaces:${CMAKE_PREFIX_PATH} DEBUGINFOD_URLS=https://debuginfod.ubuntu.com LD_LIBRARY_PATH=/home/voiture/course_2025_slam_pkgs/workspace/install/bolide_interfaces/lib:${LD_LIBRARY_PATH} PYTHONPATH=/home/voiture/course_2025_slam_pkgs/workspace/build/planning_bolide/prefix_override:/usr/lib/python3/dist-packages/colcon_core/task/python/colcon_distutils_commands:/home/voiture/course_2025_slam_pkgs/workspace/install/planning_bolide/lib/python3.12/site-packages:/home/voiture/course_2025_slam_pkgs/workspace/install/bolide_interfaces/lib/python3.12/site-packages:${PYTHONPATH} /usr/bin/python3 -W ignore:setup.py install is deprecated -W ignore:easy_install command is deprecated setup.py develop --uninstall --editable --build-directory /home/voiture/course_2025_slam_pkgs/workspace/build/planning_bolide/build
[3.483s] running develop
[3.810s] Removing /home/voiture/course_2025_slam_pkgs/workspace/install/planning_bolide/lib/python3.12/site-packages/planning-bolide.egg-link (link to .)
[3.944s] Invoked command in '/home/voiture/course_2025_slam_pkgs/workspace/build/planning_bolide' returned '0': AMENT_PREFIX_PATH=/home/voiture/course_2025_slam_pkgs/workspace/install/bolide_interfaces:${AMENT_PREFIX_PATH} CMAKE_PREFIX_PATH=/home/voiture/course_2025_slam_pkgs/workspace/install/bolide_interfaces:${CMAKE_PREFIX_PATH} DEBUGINFOD_URLS=https://debuginfod.ubuntu.com LD_LIBRARY_PATH=/home/voiture/course_2025_slam_pkgs/workspace/install/bolide_interfaces/lib:${LD_LIBRARY_PATH} PYTHONPATH=/home/voiture/course_2025_slam_pkgs/workspace/build/planning_bolide/prefix_override:/usr/lib/python3/dist-packages/colcon_core/task/python/colcon_distutils_commands:/home/voiture/course_2025_slam_pkgs/workspace/install/planning_bolide/lib/python3.12/site-packages:/home/voiture/course_2025_slam_pkgs/workspace/install/bolide_interfaces/lib/python3.12/site-packages:${PYTHONPATH} /usr/bin/python3 -W ignore:setup.py install is deprecated -W ignore:easy_install command is deprecated setup.py develop --uninstall --editable --build-directory /home/voiture/course_2025_slam_pkgs/workspace/build/planning_bolide/build
[3.947s] Invoking command in '/home/voiture/course_2025_slam_pkgs/workspace/src/planning_bolide': AMENT_PREFIX_PATH=/home/voiture/course_2025_slam_pkgs/workspace/install/bolide_interfaces:${AMENT_PREFIX_PATH} CMAKE_PREFIX_PATH=/home/voiture/course_2025_slam_pkgs/workspace/install/bolide_interfaces:${CMAKE_PREFIX_PATH} DEBUGINFOD_URLS=https://debuginfod.ubuntu.com LD_LIBRARY_PATH=/home/voiture/course_2025_slam_pkgs/workspace/install/bolide_interfaces/lib:${LD_LIBRARY_PATH} PYTHONPATH=/home/voiture/course_2025_slam_pkgs/workspace/build/planning_bolide/prefix_override:/usr/lib/python3/dist-packages/colcon_core/task/python/colcon_distutils_commands:/home/voiture/course_2025_slam_pkgs/workspace/install/planning_bolide/lib/python3.12/site-packages:/home/voiture/course_2025_slam_pkgs/workspace/install/bolide_interfaces/lib/python3.12/site-packages:${PYTHONPATH} /usr/bin/python3 -W ignore:setup.py install is deprecated -W ignore:easy_install command is deprecated setup.py egg_info --egg-base ../../build/planning_bolide build --build-base /home/voiture/course_2025_slam_pkgs/workspace/build/planning_bolide/build install --record /home/voiture/course_2025_slam_pkgs/workspace/build/planning_bolide/install.log --single-version-externally-managed install_data --force
[4.474s] running egg_info
[4.493s] writing ../../build/planning_bolide/planning_bolide.egg-info/PKG-INFO
[4.498s] writing dependency_links to ../../build/planning_bolide/planning_bolide.egg-info/dependency_links.txt
[4.498s] writing entry points to ../../build/planning_bolide/planning_bolide.egg-info/entry_points.txt
[4.499s] writing requirements to ../../build/planning_bolide/planning_bolide.egg-info/requires.txt
[4.499s] writing top-level names to ../../build/planning_bolide/planning_bolide.egg-info/top_level.txt
[4.568s] reading manifest file '../../build/planning_bolide/planning_bolide.egg-info/SOURCES.txt'
[4.597s] adding license file 'LICENSE'
[4.599s] writing manifest file '../../build/planning_bolide/planning_bolide.egg-info/SOURCES.txt'
[4.600s] running build
[4.601s] running build_py
[4.601s] copying planning_bolide/teleop_keyboard.py -> /home/voiture/course_2025_slam_pkgs/workspace/build/planning_bolide/build/lib/planning_bolide
[4.602s] copying planning_bolide/teleop_PS4controller.py -> /home/voiture/course_2025_slam_pkgs/workspace/build/planning_bolide/build/lib/planning_bolide
[4.602s] running install
[4.621s] running install_lib
[4.659s] creating /home/voiture/course_2025_slam_pkgs/workspace/install/planning_bolide/lib/python3.12/site-packages/planning_bolide
[4.659s] copying /home/voiture/course_2025_slam_pkgs/workspace/build/planning_bolide/build/lib/planning_bolide/teleop_keyboard.py -> /home/voiture/course_2025_slam_pkgs/workspace/install/planning_bolide/lib/python3.12/site-packages/planning_bolide
[4.660s] copying /home/voiture/course_2025_slam_pkgs/workspace/build/planning_bolide/build/lib/planning_bolide/keyboard_emergency_brake.py -> /home/voiture/course_2025_slam_pkgs/workspace/install/planning_bolide/lib/python3.12/site-packages/planning_bolide
[4.662s] copying /home/voiture/course_2025_slam_pkgs/workspace/build/planning_bolide/build/lib/planning_bolide/__init__.py -> /home/voiture/course_2025_slam_pkgs/workspace/install/planning_bolide/lib/python3.12/site-packages/planning_bolide
[4.662s] copying /home/voiture/course_2025_slam_pkgs/workspace/build/planning_bolide/build/lib/planning_bolide/nav_forward.py -> /home/voiture/course_2025_slam_pkgs/workspace/install/planning_bolide/lib/python3.12/site-packages/planning_bolide
[4.663s] copying /home/voiture/course_2025_slam_pkgs/workspace/build/planning_bolide/build/lib/planning_bolide/teleop_PS4controller.py -> /home/voiture/course_2025_slam_pkgs/workspace/install/planning_bolide/lib/python3.12/site-packages/planning_bolide
[4.663s] copying /home/voiture/course_2025_slam_pkgs/workspace/build/planning_bolide/build/lib/planning_bolide/nav_3states.py -> /home/voiture/course_2025_slam_pkgs/workspace/install/planning_bolide/lib/python3.12/site-packages/planning_bolide
[4.663s] byte-compiling /home/voiture/course_2025_slam_pkgs/workspace/install/planning_bolide/lib/python3.12/site-packages/planning_bolide/teleop_keyboard.py to teleop_keyboard.cpython-312.pyc
[4.664s] byte-compiling /home/voiture/course_2025_slam_pkgs/workspace/install/planning_bolide/lib/python3.12/site-packages/planning_bolide/keyboard_emergency_brake.py to keyboard_emergency_brake.cpython-312.pyc
[4.666s] byte-compiling /home/voiture/course_2025_slam_pkgs/workspace/install/planning_bolide/lib/python3.12/site-packages/planning_bolide/__init__.py to __init__.cpython-312.pyc
[4.666s] byte-compiling /home/voiture/course_2025_slam_pkgs/workspace/install/planning_bolide/lib/python3.12/site-packages/planning_bolide/nav_forward.py to nav_forward.cpython-312.pyc
[4.670s] byte-compiling /home/voiture/course_2025_slam_pkgs/workspace/install/planning_bolide/lib/python3.12/site-packages/planning_bolide/teleop_PS4controller.py to teleop_PS4controller.cpython-312.pyc
[4.670s] byte-compiling /home/voiture/course_2025_slam_pkgs/workspace/install/planning_bolide/lib/python3.12/site-packages/planning_bolide/nav_3states.py to nav_3states.cpython-312.pyc
[4.675s] running install_data
[4.675s] copying resource/planning_bolide -> /home/voiture/course_2025_slam_pkgs/workspace/install/planning_bolide/share/ament_index/resource_index/packages
[4.675s] copying package.xml -> /home/voiture/course_2025_slam_pkgs/workspace/install/planning_bolide/share/planning_bolide
[4.677s] running install_egg_info
[4.726s] Copying ../../build/planning_bolide/planning_bolide.egg-info to /home/voiture/course_2025_slam_pkgs/workspace/install/planning_bolide/lib/python3.12/site-packages/planning_bolide-0.1.0-py3.12.egg-info
[4.743s] running install_scripts
[5.022s] Installing speed_direction_controller script to /home/voiture/course_2025_slam_pkgs/workspace/install/planning_bolide/lib/planning_bolide
[5.022s] Installing teleop_node script to /home/voiture/course_2025_slam_pkgs/workspace/install/planning_bolide/lib/planning_bolide
[5.027s] writing list of installed files to '/home/voiture/course_2025_slam_pkgs/workspace/build/planning_bolide/install.log'
[5.222s] Invoked command in '/home/voiture/course_2025_slam_pkgs/workspace/src/planning_bolide' returned '0': AMENT_PREFIX_PATH=/home/voiture/course_2025_slam_pkgs/workspace/install/bolide_interfaces:${AMENT_PREFIX_PATH} CMAKE_PREFIX_PATH=/home/voiture/course_2025_slam_pkgs/workspace/install/bolide_interfaces:${CMAKE_PREFIX_PATH} DEBUGINFOD_URLS=https://debuginfod.ubuntu.com LD_LIBRARY_PATH=/home/voiture/course_2025_slam_pkgs/workspace/install/bolide_interfaces/lib:${LD_LIBRARY_PATH} PYTHONPATH=/home/voiture/course_2025_slam_pkgs/workspace/build/planning_bolide/prefix_override:/usr/lib/python3/dist-packages/colcon_core/task/python/colcon_distutils_commands:/home/voiture/course_2025_slam_pkgs/workspace/install/planning_bolide/lib/python3.12/site-packages:/home/voiture/course_2025_slam_pkgs/workspace/install/bolide_interfaces/lib/python3.12/site-packages:${PYTHONPATH} /usr/bin/python3 -W ignore:setup.py install is deprecated -W ignore:easy_install command is deprecated setup.py egg_info --egg-base ../../build/planning_bolide build --build-base /home/voiture/course_2025_slam_pkgs/workspace/build/planning_bolide/build install --record /home/voiture/course_2025_slam_pkgs/workspace/build/planning_bolide/install.log --single-version-externally-managed install_data --force
