/usr/lib/python3/dist-packages/setuptools/dist.py:744: SetuptoolsDeprecationWarning: Invalid dash-separated options
!!

        ********************************************************************************
        Usage of dash-separated 'script-dir' will not be supported in future
        versions. Please use the underscore name 'script_dir' instead.

        This deprecation is overdue, please update your project and remove deprecated
        calls to avoid build errors in the future.

        See https://setuptools.pypa.io/en/latest/userguide/declarative_config.html for details.
        ********************************************************************************

!!
  opt = self.warn_dash_deprecation(opt, section)
running egg_info
creating ../../build/particle_filter/particle_filter.egg-info
writing ../../build/particle_filter/particle_filter.egg-info/PKG-INFO
writing dependency_links to ../../build/particle_filter/particle_filter.egg-info/dependency_links.txt
writing entry points to ../../build/particle_filter/particle_filter.egg-info/entry_points.txt
writing requirements to ../../build/particle_filter/particle_filter.egg-info/requires.txt
writing top-level names to ../../build/particle_filter/particle_filter.egg-info/top_level.txt
writing manifest file '../../build/particle_filter/particle_filter.egg-info/SOURCES.txt'
reading manifest file '../../build/particle_filter/particle_filter.egg-info/SOURCES.txt'
writing manifest file '../../build/particle_filter/particle_filter.egg-info/SOURCES.txt'
running build
running build_py
creating /home/voiture/course_2025_slam_pkgs/workspace/build/particle_filter/build
creating /home/voiture/course_2025_slam_pkgs/workspace/build/particle_filter/build/lib
creating /home/voiture/course_2025_slam_pkgs/workspace/build/particle_filter/build/lib/particle_filter
copying particle_filter/particle_filter.py -> /home/voiture/course_2025_slam_pkgs/workspace/build/particle_filter/build/lib/particle_filter
copying particle_filter/utils.py -> /home/voiture/course_2025_slam_pkgs/workspace/build/particle_filter/build/lib/particle_filter
copying particle_filter/__init__.py -> /home/voiture/course_2025_slam_pkgs/workspace/build/particle_filter/build/lib/particle_filter
running install
running install_lib
creating /home/voiture/course_2025_slam_pkgs/workspace/install/particle_filter/lib/python3.12/site-packages/particle_filter
copying /home/voiture/course_2025_slam_pkgs/workspace/build/particle_filter/build/lib/particle_filter/particle_filter.py -> /home/voiture/course_2025_slam_pkgs/workspace/install/particle_filter/lib/python3.12/site-packages/particle_filter
copying /home/voiture/course_2025_slam_pkgs/workspace/build/particle_filter/build/lib/particle_filter/utils.py -> /home/voiture/course_2025_slam_pkgs/workspace/install/particle_filter/lib/python3.12/site-packages/particle_filter
copying /home/voiture/course_2025_slam_pkgs/workspace/build/particle_filter/build/lib/particle_filter/__init__.py -> /home/voiture/course_2025_slam_pkgs/workspace/install/particle_filter/lib/python3.12/site-packages/particle_filter
byte-compiling /home/voiture/course_2025_slam_pkgs/workspace/install/particle_filter/lib/python3.12/site-packages/particle_filter/particle_filter.py to particle_filter.cpython-312.pyc
byte-compiling /home/voiture/course_2025_slam_pkgs/workspace/install/particle_filter/lib/python3.12/site-packages/particle_filter/utils.py to utils.cpython-312.pyc
byte-compiling /home/voiture/course_2025_slam_pkgs/workspace/install/particle_filter/lib/python3.12/site-packages/particle_filter/__init__.py to __init__.cpython-312.pyc
running install_data
creating /home/voiture/course_2025_slam_pkgs/workspace/install/particle_filter/share/ament_index
creating /home/voiture/course_2025_slam_pkgs/workspace/install/particle_filter/share/ament_index/resource_index
creating /home/voiture/course_2025_slam_pkgs/workspace/install/particle_filter/share/ament_index/resource_index/packages
copying resource/particle_filter -> /home/voiture/course_2025_slam_pkgs/workspace/install/particle_filter/share/ament_index/resource_index/packages
copying package.xml -> /home/voiture/course_2025_slam_pkgs/workspace/install/particle_filter/share/particle_filter
creating /home/voiture/course_2025_slam_pkgs/workspace/install/particle_filter/share/particle_filter/maps
copying maps/Hockenheim_map.png -> /home/voiture/course_2025_slam_pkgs/workspace/install/particle_filter/share/particle_filter/maps
copying maps/Hockenheim_map.yaml -> /home/voiture/course_2025_slam_pkgs/workspace/install/particle_filter/share/particle_filter/maps
copying maps/Silverstone_map.yaml -> /home/voiture/course_2025_slam_pkgs/workspace/install/particle_filter/share/particle_filter/maps
copying maps/cps_2023_old.yaml -> /home/voiture/course_2025_slam_pkgs/workspace/install/particle_filter/share/particle_filter/maps
copying maps/e7_floor5_biggest_RAW.pgm -> /home/voiture/course_2025_slam_pkgs/workspace/install/particle_filter/share/particle_filter/maps
copying maps/Silverstone_map.png -> /home/voiture/course_2025_slam_pkgs/workspace/install/particle_filter/share/particle_filter/maps
copying maps/e7_floor5_biggest.yaml -> /home/voiture/course_2025_slam_pkgs/workspace/install/particle_filter/share/particle_filter/maps
copying maps/e7_floor3_merged.png -> /home/voiture/course_2025_slam_pkgs/workspace/install/particle_filter/share/particle_filter/maps
copying maps/e7_floor5.yaml -> /home/voiture/course_2025_slam_pkgs/workspace/install/particle_filter/share/particle_filter/maps
copying maps/cps_2023.pgm -> /home/voiture/course_2025_slam_pkgs/workspace/install/particle_filter/share/particle_filter/maps
copying maps/e7_floor5_biggest.pgm -> /home/voiture/course_2025_slam_pkgs/workspace/install/particle_filter/share/particle_filter/maps
copying maps/e7_floor5.pgm -> /home/voiture/course_2025_slam_pkgs/workspace/install/particle_filter/share/particle_filter/maps
copying maps/e7_floor3_merged.yaml -> /home/voiture/course_2025_slam_pkgs/workspace/install/particle_filter/share/particle_filter/maps
copying maps/cps_2023.yaml -> /home/voiture/course_2025_slam_pkgs/workspace/install/particle_filter/share/particle_filter/maps
copying maps/e7_floor5_bigger.pgm -> /home/voiture/course_2025_slam_pkgs/workspace/install/particle_filter/share/particle_filter/maps
copying maps/cps_2023_old.pgm -> /home/voiture/course_2025_slam_pkgs/workspace/install/particle_filter/share/particle_filter/maps
copying maps/e7_floor5_bigger.yaml -> /home/voiture/course_2025_slam_pkgs/workspace/install/particle_filter/share/particle_filter/maps
creating /home/voiture/course_2025_slam_pkgs/workspace/install/particle_filter/share/particle_filter/launch
copying launch/localize_launch.py -> /home/voiture/course_2025_slam_pkgs/workspace/install/particle_filter/share/particle_filter/launch
creating /home/voiture/course_2025_slam_pkgs/workspace/install/particle_filter/share/particle_filter/config
copying config/localize.yaml -> /home/voiture/course_2025_slam_pkgs/workspace/install/particle_filter/share/particle_filter/config
running install_egg_info
Copying ../../build/particle_filter/particle_filter.egg-info to /home/voiture/course_2025_slam_pkgs/workspace/install/particle_filter/lib/python3.12/site-packages/particle_filter-0.2.0-py3.12.egg-info
running install_scripts
Installing particle_filter script to /home/voiture/course_2025_slam_pkgs/workspace/install/particle_filter/lib/particle_filter
writing list of installed files to '/home/voiture/course_2025_slam_pkgs/workspace/build/particle_filter/install.log'
