[7.141s] Invoking command in '/home/voiture/course_2025_slam_pkgs/workspace/src/particle_filter': DEBUGINFOD_URLS=https://debuginfod.ubuntu.com PYTHONPATH=/home/voiture/course_2025_slam_pkgs/workspace/build/particle_filter/prefix_override:/usr/lib/python3/dist-packages/colcon_core/task/python/colcon_distutils_commands:/home/voiture/course_2025_slam_pkgs/workspace/install/particle_filter/lib/python3.12/site-packages:${PYTHONPATH} /usr/bin/python3 -W ignore:setup.py install is deprecated -W ignore:easy_install command is deprecated setup.py egg_info --egg-base ../../build/particle_filter build --build-base /home/voiture/course_2025_slam_pkgs/workspace/build/particle_filter/build install --record /home/voiture/course_2025_slam_pkgs/workspace/build/particle_filter/install.log --install-scripts $base/lib/particle_filter --single-version-externally-managed install_data
[7.709s] /usr/lib/python3/dist-packages/setuptools/dist.py:744: SetuptoolsDeprecationWarning: Invalid dash-separated options
[7.710s] !!
[7.714s] 
[7.715s]         ********************************************************************************
[7.715s]         Usage of dash-separated 'script-dir' will not be supported in future
[7.715s]         versions. Please use the underscore name 'script_dir' instead.
[7.715s] 
[7.715s]         This deprecation is overdue, please update your project and remove deprecated
[7.715s]         calls to avoid build errors in the future.
[7.715s] 
[7.716s]         See https://setuptools.pypa.io/en/latest/userguide/declarative_config.html for details.
[7.726s]         ********************************************************************************
[7.726s] 
[7.727s] !!
[7.727s]   opt = self.warn_dash_deprecation(opt, section)
[8.377s] running egg_info
[8.395s] creating ../../build/particle_filter/particle_filter.egg-info
[8.465s] writing ../../build/particle_filter/particle_filter.egg-info/PKG-INFO
[8.470s] writing dependency_links to ../../build/particle_filter/particle_filter.egg-info/dependency_links.txt
[8.477s] writing entry points to ../../build/particle_filter/particle_filter.egg-info/entry_points.txt
[8.477s] writing requirements to ../../build/particle_filter/particle_filter.egg-info/requires.txt
[8.478s] writing top-level names to ../../build/particle_filter/particle_filter.egg-info/top_level.txt
[8.485s] writing manifest file '../../build/particle_filter/particle_filter.egg-info/SOURCES.txt'
[8.696s] reading manifest file '../../build/particle_filter/particle_filter.egg-info/SOURCES.txt'
[8.701s] writing manifest file '../../build/particle_filter/particle_filter.egg-info/SOURCES.txt'
[8.703s] running build
[8.704s] running build_py
[8.704s] creating /home/voiture/course_2025_slam_pkgs/workspace/build/particle_filter/build
[8.704s] creating /home/voiture/course_2025_slam_pkgs/workspace/build/particle_filter/build/lib
[8.704s] creating /home/voiture/course_2025_slam_pkgs/workspace/build/particle_filter/build/lib/particle_filter
[8.704s] copying particle_filter/particle_filter.py -> /home/voiture/course_2025_slam_pkgs/workspace/build/particle_filter/build/lib/particle_filter
[8.708s] copying particle_filter/utils.py -> /home/voiture/course_2025_slam_pkgs/workspace/build/particle_filter/build/lib/particle_filter
[8.711s] copying particle_filter/__init__.py -> /home/voiture/course_2025_slam_pkgs/workspace/build/particle_filter/build/lib/particle_filter
[8.712s] running install
[8.726s] running install_lib
[8.806s] creating /home/voiture/course_2025_slam_pkgs/workspace/install/particle_filter/lib/python3.12/site-packages/particle_filter
[8.809s] copying /home/voiture/course_2025_slam_pkgs/workspace/build/particle_filter/build/lib/particle_filter/particle_filter.py -> /home/voiture/course_2025_slam_pkgs/workspace/install/particle_filter/lib/python3.12/site-packages/particle_filter
[8.813s] copying /home/voiture/course_2025_slam_pkgs/workspace/build/particle_filter/build/lib/particle_filter/utils.py -> /home/voiture/course_2025_slam_pkgs/workspace/install/particle_filter/lib/python3.12/site-packages/particle_filter
[8.814s] copying /home/voiture/course_2025_slam_pkgs/workspace/build/particle_filter/build/lib/particle_filter/__init__.py -> /home/voiture/course_2025_slam_pkgs/workspace/install/particle_filter/lib/python3.12/site-packages/particle_filter
[8.814s] byte-compiling /home/voiture/course_2025_slam_pkgs/workspace/install/particle_filter/lib/python3.12/site-packages/particle_filter/particle_filter.py to particle_filter.cpython-312.pyc
[8.829s] byte-compiling /home/voiture/course_2025_slam_pkgs/workspace/install/particle_filter/lib/python3.12/site-packages/particle_filter/utils.py to utils.cpython-312.pyc
[8.836s] byte-compiling /home/voiture/course_2025_slam_pkgs/workspace/install/particle_filter/lib/python3.12/site-packages/particle_filter/__init__.py to __init__.cpython-312.pyc
[8.836s] running install_data
[8.837s] creating /home/voiture/course_2025_slam_pkgs/workspace/install/particle_filter/share/ament_index
[8.837s] creating /home/voiture/course_2025_slam_pkgs/workspace/install/particle_filter/share/ament_index/resource_index
[8.837s] creating /home/voiture/course_2025_slam_pkgs/workspace/install/particle_filter/share/ament_index/resource_index/packages
[8.837s] copying resource/particle_filter -> /home/voiture/course_2025_slam_pkgs/workspace/install/particle_filter/share/ament_index/resource_index/packages
[8.840s] copying package.xml -> /home/voiture/course_2025_slam_pkgs/workspace/install/particle_filter/share/particle_filter
[8.843s] creating /home/voiture/course_2025_slam_pkgs/workspace/install/particle_filter/share/particle_filter/maps
[8.844s] copying maps/Hockenheim_map.png -> /home/voiture/course_2025_slam_pkgs/workspace/install/particle_filter/share/particle_filter/maps
[8.844s] copying maps/Hockenheim_map.yaml -> /home/voiture/course_2025_slam_pkgs/workspace/install/particle_filter/share/particle_filter/maps
[8.844s] copying maps/Silverstone_map.yaml -> /home/voiture/course_2025_slam_pkgs/workspace/install/particle_filter/share/particle_filter/maps
[8.845s] copying maps/cps_2023_old.yaml -> /home/voiture/course_2025_slam_pkgs/workspace/install/particle_filter/share/particle_filter/maps
[8.847s] copying maps/e7_floor5_biggest_RAW.pgm -> /home/voiture/course_2025_slam_pkgs/workspace/install/particle_filter/share/particle_filter/maps
[8.859s] copying maps/Silverstone_map.png -> /home/voiture/course_2025_slam_pkgs/workspace/install/particle_filter/share/particle_filter/maps
[8.861s] copying maps/e7_floor5_biggest.yaml -> /home/voiture/course_2025_slam_pkgs/workspace/install/particle_filter/share/particle_filter/maps
[8.862s] copying maps/e7_floor3_merged.png -> /home/voiture/course_2025_slam_pkgs/workspace/install/particle_filter/share/particle_filter/maps
[8.869s] copying maps/e7_floor5.yaml -> /home/voiture/course_2025_slam_pkgs/workspace/install/particle_filter/share/particle_filter/maps
[8.869s] copying maps/cps_2023.pgm -> /home/voiture/course_2025_slam_pkgs/workspace/install/particle_filter/share/particle_filter/maps
[8.869s] copying maps/e7_floor5_biggest.pgm -> /home/voiture/course_2025_slam_pkgs/workspace/install/particle_filter/share/particle_filter/maps
[8.880s] copying maps/e7_floor5.pgm -> /home/voiture/course_2025_slam_pkgs/workspace/install/particle_filter/share/particle_filter/maps
[8.881s] copying maps/e7_floor3_merged.yaml -> /home/voiture/course_2025_slam_pkgs/workspace/install/particle_filter/share/particle_filter/maps
[8.882s] copying maps/cps_2023.yaml -> /home/voiture/course_2025_slam_pkgs/workspace/install/particle_filter/share/particle_filter/maps
[8.889s] copying maps/e7_floor5_bigger.pgm -> /home/voiture/course_2025_slam_pkgs/workspace/install/particle_filter/share/particle_filter/maps
[8.915s] copying maps/cps_2023_old.pgm -> /home/voiture/course_2025_slam_pkgs/workspace/install/particle_filter/share/particle_filter/maps
[8.915s] copying maps/e7_floor5_bigger.yaml -> /home/voiture/course_2025_slam_pkgs/workspace/install/particle_filter/share/particle_filter/maps
[8.916s] creating /home/voiture/course_2025_slam_pkgs/workspace/install/particle_filter/share/particle_filter/launch
[8.917s] copying launch/localize_launch.py -> /home/voiture/course_2025_slam_pkgs/workspace/install/particle_filter/share/particle_filter/launch
[8.925s] creating /home/voiture/course_2025_slam_pkgs/workspace/install/particle_filter/share/particle_filter/config
[8.926s] copying config/localize.yaml -> /home/voiture/course_2025_slam_pkgs/workspace/install/particle_filter/share/particle_filter/config
[8.929s] running install_egg_info
[9.041s] Copying ../../build/particle_filter/particle_filter.egg-info to /home/voiture/course_2025_slam_pkgs/workspace/install/particle_filter/lib/python3.12/site-packages/particle_filter-0.2.0-py3.12.egg-info
[9.041s] running install_scripts
[9.580s] Installing particle_filter script to /home/voiture/course_2025_slam_pkgs/workspace/install/particle_filter/lib/particle_filter
[9.679s] writing list of installed files to '/home/voiture/course_2025_slam_pkgs/workspace/build/particle_filter/install.log'
[10.335s] Invoked command in '/home/voiture/course_2025_slam_pkgs/workspace/src/particle_filter' returned '0': DEBUGINFOD_URLS=https://debuginfod.ubuntu.com PYTHONPATH=/home/voiture/course_2025_slam_pkgs/workspace/build/particle_filter/prefix_override:/usr/lib/python3/dist-packages/colcon_core/task/python/colcon_distutils_commands:/home/voiture/course_2025_slam_pkgs/workspace/install/particle_filter/lib/python3.12/site-packages:${PYTHONPATH} /usr/bin/python3 -W ignore:setup.py install is deprecated -W ignore:easy_install command is deprecated setup.py egg_info --egg-base ../../build/particle_filter build --build-base /home/voiture/course_2025_slam_pkgs/workspace/build/particle_filter/build install --record /home/voiture/course_2025_slam_pkgs/workspace/build/particle_filter/install.log --install-scripts $base/lib/particle_filter --single-version-externally-managed install_data
